// Jest Snapshot v1, https://goo.gl/fbAQLP

exports[`App renders App component 1`] = `[Function]`;
